[K&T Travel.vn/index.html]
[sp.zalo.me/plugins/sdk.js]
[K&T Travel.vn/sites/default/files/favicon.ico]
[backblue.gif]
[fade.gif]
[index.html]
[K&T Travel.vn/sites/default/files/css/css_5xdzegAKdaDtLRLMvAtTfg86mYlnmoTacT-4ZRcdmn0.css]
[use.fontawesome.com/releases/v6.4.0/css/all.css]
[use.fontawesome.com/releases/v6.4.0/css/v4-shims.css]
[K&T Travel.vn/sites/default/files/css/css_osW1LqD0ZUSGDENITqtyV6wLFQXoinXSrPfv9i6xkKw.css]
[K&T Travel.vn/sites/default/files/css/css_9lyweFzxLgWk3yHiozES1suF88IBUldakY5ipCuyBQY.css]
[cdn.jsdelivr.net/npm/flatpickr/dist/flatpickr.css]
[cdn.jsdelivr.net/npm/flatpickr/dist/plugins/confirmDate/confirmDate.css]
[cdn.jsdelivr.net/npm/flatpickr/dist/plugins/monthSelect/style.css]
[K&T Travel.vn/sites/default/files/css/css_mH6FFUlpUJClOvOumfiY0k15q5c_fp3VkY2irRwLhJ0.css]
[K&T Travel.vn/sites/default/files/js/js_Y2RPkzfvTNIOyScAu2NgZwTm2M37rhm37O4o1elaH3I.js]
[K&T Travel.vn/tin-tuc.html]
[K&T Travel.vn/gioi-thieu.html]
[K&T Travel.vn/giai-thuong.html]
[K&T Travel.vn/lien-he.html]
[K&T Travel.vn/dang-ky-dai-ly.html]
[K&T Travel.vn/sites/default/files/image 34 (2).png]
[K&T Travel.vn/tour-trong-nuoc.html]
[K&T Travel.vn/mien-bac.html]
[K&T Travel.vn/tour-cat-ba.html]
[K&T Travel.vn/tour-co-to.html]
[K&T Travel.vn/tour-ha-giang.html]
[K&T Travel.vn/tour-ha-noi.html]
[K&T Travel.vn/ninh-binh.html]
[K&T Travel.vn/tour-quang-ninh.html]
[K&T Travel.vn/tour-sa-pa.html]
[K&T Travel.vn/mien-trung.html]
[K&T Travel.vn/du-lich-da-nang.html]
[K&T Travel.vn/tour-hue.html]
[K&T Travel.vn/du-lich-quy-nhon.html]
[K&T Travel.vn/du-lich-nha-trang.html]
[K&T Travel.vn/du-lich-da-lat.html]
[K&T Travel.vn/tour-tay-nguyen.html]
[K&T Travel.vn/mien-nam.html]
[K&T Travel.vn/tour-phu-quoc.html]
[K&T Travel.vn/tour-can-tho.html]
[K&T Travel.vn/tour-tp-ho-chi-minh.html]
[K&T Travel.vn/tour-nuoc-ngoai.html]
[K&T Travel.vn/chau.html]
[K&T Travel.vn/tour-han-quoc.html]
[K&T Travel.vn/tour-nhat-ban.html]
[K&T Travel.vn/tour-trung-quoc.html]
[K&T Travel.vn/tour-singapore.html]
[K&T Travel.vn/tour-thai-lan.html]
[K&T Travel.vn/tour-dubai.html]
[K&T Travel.vn/tour-hong-kong.html]
[K&T Travel.vn/tour-indonesia.html]
[K&T Travel.vn/tour-malaysia.html]
[K&T Travel.vn/tour-philipines.html]
[K&T Travel.vn/tour-dai-loan.html]
[K&T Travel.vn/tour-cam-pu-chia.html]
[K&T Travel.vn/tour-an-do.html]
[K&T Travel.vn/chau-au.html]
[K&T Travel.vn/dong-au-0.html]
[K&T Travel.vn/tour-nga.html]
[K&T Travel.vn/tay-au-0.html]
[K&T Travel.vn/tour-anh.html]
[K&T Travel.vn/tour-phap.html]
[K&T Travel.vn/bi.html]
[K&T Travel.vn/ha-lan.html]
[K&T Travel.vn/thuy-si.html]
[K&T Travel.vn/y.html]
[K&T Travel.vn/duc.html]
[K&T Travel.vn/nam-au-0.html]
[K&T Travel.vn/bo-dao-nha.html]
[K&T Travel.vn/hy-lap.html]
[K&T Travel.vn/tay-ban-nha.html]
[K&T Travel.vn/tho-nhi-ky.html]
[K&T Travel.vn/bac-au-0.html]
[K&T Travel.vn/chau-my.html]
[K&T Travel.vn/tour-my.html]
[K&T Travel.vn/chau-phi.html]
[K&T Travel.vn/tour-ai-cap.html]
[K&T Travel.vn/tour-nam-phi.html]
[K&T Travel.vn/chau-uc.html]
[K&T Travel.vn/tour-uc.html]
[K&T Travel.vn/tour-new-zealand.html]
[K&T Travel.vn/du-lich-doan.html]
[K&T Travel.vn/ve-may-bay.html]
[K&T Travel.vn/ve-xe.html]
[K&T Travel.vn/sites/default/files/2024-01/banner chau au web.jpg]
[K&T Travel.vn/sites/default/files/2024-02/Cover web_1.jpg]
[K&T Travel.vn/images/icon-search-1.svg]
[K&T Travel.vn/images/icon-search-2.svg]
[K&T Travel.vn/images/icon-search-3.svg]
[K&T Travel.vn/visa.html]
[K&T Travel.vn/images/icon-search-4.svg]
[K&T Travel.vn/sites/default/files/2024/03/1_4.png]
[K&T Travel.vn/tour-bangkok-pattaya.html]
[K&T Travel.vn/sites/default/files/2024/01/1_15.png]
[K&T Travel.vn/bali-kham-pha-hon-dao-thien-duong.html]
[K&T Travel.vn/sites/default/files/2024/01/ng-truong-lam-vien-da-lat-thanh-dia-chup-hinh-ly-tuong-165613776635552_f6326aaed7de40d69f3ef291fd11d64c_master.jpg]
[K&T Travel.vn/da-lat-thanh-pho-hoa-hai-dau.html]
[K&T Travel.vn/tour-trong-nuoc0924.html]
[K&T Travel.vn/sites/default/files/2024/01/1_2.png]
[K&T Travel.vn/thai-lan-bangkok-pattaya-banh-phu-vang-bay-sang.html]
[K&T Travel.vn/sites/default/files/2023-12/plane_0.png]
[K&T Travel.vn/sites/default/files/2023-12/image_processing20210616-17152-1ti91jz.png]
[K&T Travel.vn/sites/default/files/2023-12/boat-159095_960_720.png]
[K&T Travel.vn/sites/default/files/2024/02/1_10.png]
[K&T Travel.vn/tour-da-nang-ba-na-hue-1.html]
[K&T Travel.vn/sites/default/files/2024/02/bắc kinh 1.jpg]
[K&T Travel.vn/tour-bac-kinh-hang-chau-thuong-hai.html]
[K&T Travel.vn/index.html]
[K&T Travel.vn/sites/default/files/css/css_5xdzegAKdaDtLRLMvAtTfg86mYlnmoTacT-4ZRcdmn0.css]
[use.fontawesome.com/releases/v6.4.0/css/all.css]
[use.fontawesome.com/releases/v6.4.0/css/v4-shims.css]
[K&T Travel.vn/sites/default/files/css/css_osW1LqD0ZUSGDENITqtyV6wLFQXoinXSrPfv9i6xkKw.css]
[K&T Travel.vn/sites/default/files/css/css_9lyweFzxLgWk3yHiozES1suF88IBUldakY5ipCuyBQY.css]
[cdn.jsdelivr.net/npm/flatpickr/dist/flatpickr.css]
[cdn.jsdelivr.net/npm/flatpickr/dist/plugins/confirmDate/confirmDate.css]
[cdn.jsdelivr.net/npm/flatpickr/dist/plugins/monthSelect/style.css]
[K&T Travel.vn/sites/default/files/css/css_mH6FFUlpUJClOvOumfiY0k15q5c_fp3VkY2irRwLhJ0.css]
[K&T Travel.vn/tin-tuc.html]
[K&T Travel.vn/gioi-thieu.html]
[K&T Travel.vn/giai-thuong.html]
[K&T Travel.vn/lien-he.html]
[K&T Travel.vn/dang-ky-dai-ly.html]
[K&T Travel.vn/tour-trong-nuoc.html]
[K&T Travel.vn/mien-bac.html]
[K&T Travel.vn/tour-cat-ba.html]
[K&T Travel.vn/tour-co-to.html]
[K&T Travel.vn/tour-ha-giang.html]
[K&T Travel.vn/tour-ha-noi.html]
[K&T Travel.vn/ninh-binh.html]
[K&T Travel.vn/tour-quang-ninh.html]
[K&T Travel.vn/tour-sa-pa.html]
[K&T Travel.vn/mien-trung.html]
[K&T Travel.vn/du-lich-da-nang.html]
[K&T Travel.vn/tour-hue.html]
[K&T Travel.vn/du-lich-quy-nhon.html]
[K&T Travel.vn/du-lich-nha-trang.html]
[K&T Travel.vn/du-lich-da-lat.html]
[K&T Travel.vn/tour-tay-nguyen.html]
[K&T Travel.vn/mien-nam.html]
[K&T Travel.vn/tour-phu-quoc.html]
[K&T Travel.vn/tour-can-tho.html]
[K&T Travel.vn/tour-tp-ho-chi-minh.html]
[K&T Travel.vn/tour-nuoc-ngoai.html]
[K&T Travel.vn/chau.html]
[K&T Travel.vn/tour-han-quoc.html]
[K&T Travel.vn/tour-nhat-ban.html]
[K&T Travel.vn/tour-trung-quoc.html]
[K&T Travel.vn/tour-singapore.html]
[K&T Travel.vn/tour-thai-lan.html]
[K&T Travel.vn/tour-dubai.html]
[K&T Travel.vn/tour-hong-kong.html]
[K&T Travel.vn/tour-indonesia.html]
[K&T Travel.vn/tour-malaysia.html]
[K&T Travel.vn/tour-philipines.html]
[K&T Travel.vn/tour-dai-loan.html]
[K&T Travel.vn/tour-cam-pu-chia.html]
[K&T Travel.vn/tour-an-do.html]
[K&T Travel.vn/chau-au.html]
[K&T Travel.vn/dong-au-0.html]
[K&T Travel.vn/tour-nga.html]
[K&T Travel.vn/tay-au-0.html]
[K&T Travel.vn/tour-anh.html]
[K&T Travel.vn/tour-phap.html]
[K&T Travel.vn/bi.html]
[K&T Travel.vn/ha-lan.html]
[K&T Travel.vn/thuy-si.html]
[K&T Travel.vn/y.html]
[K&T Travel.vn/duc.html]
[K&T Travel.vn/nam-au-0.html]
[K&T Travel.vn/bo-dao-nha.html]
[K&T Travel.vn/hy-lap.html]
[K&T Travel.vn/tay-ban-nha.html]
[K&T Travel.vn/tho-nhi-ky.html]
[K&T Travel.vn/bac-au-0.html]
[K&T Travel.vn/chau-my.html]
[K&T Travel.vn/tour-my.html]
[K&T Travel.vn/chau-phi.html]
[K&T Travel.vn/tour-ai-cap.html]
[K&T Travel.vn/tour-nam-phi.html]
[K&T Travel.vn/chau-uc.html]
[K&T Travel.vn/tour-uc.html]
[K&T Travel.vn/tour-new-zealand.html]
[K&T Travel.vn/du-lich-doan.html]
[K&T Travel.vn/ve-may-bay.html]
[K&T Travel.vn/ve-xe.html]
[K&T Travel.vn/images/icon-search-1.svg]
[K&T Travel.vn/images/icon-search-2.svg]
[K&T Travel.vn/images/icon-search-3.svg]
[K&T Travel.vn/visa.html]
[K&T Travel.vn/images/icon-search-4.svg]
[K&T Travel.vn/tour-bangkok-pattaya.html]
[K&T Travel.vn/bali-kham-pha-hon-dao-thien-duong.html]
[K&T Travel.vn/da-lat-thanh-pho-hoa-hai-dau.html]
[K&T Travel.vn/tour-trong-nuoc0924.html]
[K&T Travel.vn/thai-lan-bangkok-pattaya-banh-phu-vang-bay-sang.html]
[K&T Travel.vn/tour-da-nang-ba-na-hue-1.html]
[K&T Travel.vn/tour-bac-kinh-hang-chau-thuong-hai.html]
